Intel(R) MPI Library  (2018.2.199) unloaded
Intel Parallel Studio XE 2018_2 unloaded

------------ /usr/local/modules/modulefiles/scientific_applications ------------
python/2.7             python/3.6.3           python/3.8.5
python/2.7.14          python/3.6.8           python/3.8.5-no-intel
python/2.7.16          python/3.7.16          python/3.9.5
python/3.11.3          python/3.7.4           python/3.9.5-no-intel
python/3.11.3-no-intel python/3.7.6-nointel

--------------------- /usr/local/modules/modulefiles/tools ---------------------
python-tools/3.11.3-no-intel python-tools/3.8.5-no-intel
python-tools/3.7.16          python-tools/3.9.5
python-tools/3.8.5           python-tools/3.9.5-no-intel
ModuleCmd_Load.c(213):ERROR:105: Unable to locate a modulefile for 'python/3.8.18'
Intel(R) MPI Library  (2018.2.199) loaded
ERROR with external command - sts=1 input file=24
ABORTING - Try again with --on-error
ERROR with external command - sts=1 input file=28
ABORTING - Try again with --on-error
ERROR with external command - sts=1 input file=20
ABORTING - Try again with --on-error
ERROR with external command - sts=1 input file=18
ABORTING - Try again with --on-error
ERROR with external command - sts=1 input file=21
ABORTING - Try again with --on-error
ERROR with external command - sts=1 input file=22
ABORTING - Try again with --on-error
ERROR with external command - sts=1 input file=19
ABORTING - Try again with --on-error
ERROR with external command - sts=1 input file=23
ABORTING - Try again with --on-error
ERROR with external command - sts=1 input file=25
ABORTING - Try again with --on-error
ERROR with external command - sts=1 input file=26
ABORTING - Try again with --on-error
ERROR with external command - sts=1 input file=27
ABORTING - Try again with --on-error
ERROR with external command - sts=1 input file=29
ABORTING - Try again with --on-error
ERROR with external command - sts=1 input file=30
ABORTING - Try again with --on-error
ERROR with external command - sts=1 input file=3
ABORTING - Try again with --on-error
ERROR with external command - sts=1 input file=11
ABORTING - Try again with --on-error
ERROR with external command - sts=1 input file=6
ABORTING - Try again with --on-error
ERROR with external command - sts=1 input file=15
ABORTING - Try again with --on-error
ERROR with external command - sts=1 input file=2
ABORTING - Try again with --on-error
ERROR with external command - sts=1 input file=7
ABORTING - Try again with --on-error
ERROR with external command - sts=1 input file=1
ABORTING - Try again with --on-error
ERROR with external command - sts=1 input file=12
ABORTING - Try again with --on-error
ERROR with external command - sts=1 input file=14
ABORTING - Try again with --on-error
ERROR with external command - sts=1 input file=10
ABORTING - Try again with --on-error
ERROR with external command - sts=1 input file=17
ABORTING - Try again with --on-error
ERROR with external command - sts=1 input file=8
ABORTING - Try again with --on-error
ERROR with external command - sts=1 input file=16
ABORTING - Try again with --on-error
ERROR with external command - sts=1 input file=4
ABORTING - Try again with --on-error
ERROR with external command - sts=1 input file=5
ABORTING - Try again with --on-error
ERROR with external command - sts=1 input file=9
ABORTING - Try again with --on-error
ERROR with external command - sts=1 input file=13
ABORTING - Try again with --on-error
